
> qlstmn@1.0.0 build
> vite build

[36mvite v7.3.1 [32mbuilding client environment for production...[36m[39m
transforming...
[32m✓[39m 139 modules transformed.
node.exe : [31m✗[39m 
Build failed in 677ms
At line:1 char:1
+ & "D:\PlutoSeting\Nod
ejs/node.exe" "D:\Pluto
Seting\Nodejs/node_modu
le ...
+ ~~~~~~~~~~~~~~~~~~~~~
~~~~~~~~~~~~~~~~~~~~~~~
~~~~~~~~~~~~~~~~~~~~~~~
~~
    + CategoryInfo     
         : NotSpecifi  
  ed: ([31m✗[39m B   
 uild failed in 677    
ms:String) [], Rem    
oteException
    + FullyQualifiedEr 
   rorId : NativeComm  
  andError
 
[31merror during 
build:
[31mCould not resolve 
"./Icons" from "src/com
ponents/TableActions.js
x"[31m
file: [36mE:/Dhsg-CNTT
/Hk2-N4/WebRestFullAPI/
QuanLySieuThiMini/clien
t/src/components/TableA
ctions.jsx[31m
    at getRollupError (
file:///E:/Dhsg-CNTT/Hk
2-N4/WebRestFullAPI/Qua
nLySieuThiMini/client/n
ode_modules/rollup/dist
/es/shared/parseAst.js:
402:41)
    at error (file:///E
:/Dhsg-CNTT/Hk2-N4/WebR
estFullAPI/QuanLySieuTh
iMini/client/node_modul
es/rollup/dist/es/share
d/parseAst.js:398:42)
    at ModuleLoader.han
dleInvalidResolvedId (f
ile:///E:/Dhsg-CNTT/Hk2
-N4/WebRestFullAPI/Quan
LySieuThiMini/client/no
de_modules/rollup/dist/
es/shared/node-entry.js
:21687:24)
    at file:///E:/Dhsg-
CNTT/Hk2-N4/WebRestFull
API/QuanLySieuThiMini/c
lient/node_modules/roll
up/dist/es/shared/node-
entry.js:21647:26[39m
